<?xml version="1.0" encoding="ISO-8859-1" ?>
<link_info>
   <banner>MSP430 Linker Unix v21.6.1.LTS</banner>
   <copyright>Copyright (c) 2003-2018 Texas Instruments Incorporated</copyright>
   <link_time>0x6903f85a</link_time>
   <link_errors>0x0</link_errors>
   <output_file>EmbeddedSystemCar.out</output_file>
   <entry_point>
      <name>_c_int00_noargs_mpu</name>
      <address>0x9508</address>
   </entry_point>
   <input_file_list>
      <input_file id="fl-2">
         <path>./</path>
         <kind>object</kind>
         <file>ADC.obj</file>
         <name>ADC.obj</name>
      </input_file>
      <input_file id="fl-3">
         <path>./</path>
         <kind>object</kind>
         <file>Display.obj</file>
         <name>Display.obj</name>
      </input_file>
      <input_file id="fl-4">
         <path>./</path>
         <kind>object</kind>
         <file>IR.obj</file>
         <name>IR.obj</name>
      </input_file>
      <input_file id="fl-5">
         <path>./</path>
         <kind>object</kind>
         <file>app.obj</file>
         <name>app.obj</name>
      </input_file>
      <input_file id="fl-6">
         <path>./</path>
         <kind>object</kind>
         <file>buttons.obj</file>
         <name>buttons.obj</name>
      </input_file>
      <input_file id="fl-7">
         <path>./</path>
         <kind>object</kind>
         <file>clocks.obj</file>
         <name>clocks.obj</name>
      </input_file>
      <input_file id="fl-8">
         <path>./</path>
         <kind>object</kind>
         <file>init.obj</file>
         <name>init.obj</name>
      </input_file>
      <input_file id="fl-9">
         <path>./</path>
         <kind>object</kind>
         <file>interrupts.obj</file>
         <name>interrupts.obj</name>
      </input_file>
      <input_file id="fl-a">
         <path>./</path>
         <kind>object</kind>
         <file>lcd.obj</file>
         <name>lcd.obj</name>
      </input_file>
      <input_file id="fl-b">
         <path>./</path>
         <kind>object</kind>
         <file>led.obj</file>
         <name>led.obj</name>
      </input_file>
      <input_file id="fl-c">
         <path>./</path>
         <kind>object</kind>
         <file>main.obj</file>
         <name>main.obj</name>
      </input_file>
      <input_file id="fl-d">
         <path>./</path>
         <kind>object</kind>
         <file>messages.obj</file>
         <name>messages.obj</name>
      </input_file>
      <input_file id="fl-e">
         <path>./</path>
         <kind>object</kind>
         <file>motors.obj</file>
         <name>motors.obj</name>
      </input_file>
      <input_file id="fl-f">
         <path>./</path>
         <kind>object</kind>
         <file>ports.obj</file>
         <name>ports.obj</name>
      </input_file>
      <input_file id="fl-10">
         <path>./</path>
         <kind>object</kind>
         <file>serial.obj</file>
         <name>serial.obj</name>
      </input_file>
      <input_file id="fl-11">
         <path>./</path>
         <kind>object</kind>
         <file>stateMachine.obj</file>
         <name>stateMachine.obj</name>
      </input_file>
      <input_file id="fl-12">
         <path>./</path>
         <kind>object</kind>
         <file>switch.obj</file>
         <name>switch.obj</name>
      </input_file>
      <input_file id="fl-13">
         <path>./</path>
         <kind>object</kind>
         <file>system.obj</file>
         <name>system.obj</name>
      </input_file>
      <input_file id="fl-14">
         <path>./</path>
         <kind>object</kind>
         <file>timersB0.obj</file>
         <name>timersB0.obj</name>
      </input_file>
      <input_file id="fl-15">
         <path>./</path>
         <kind>object</kind>
         <file>uart.obj</file>
         <name>uart.obj</name>
      </input_file>
      <input_file id="fl-16">
         <path>../Compiled/</path>
         <kind>object</kind>
         <file>LCD.obj</file>
         <name>LCD.obj</name>
      </input_file>
      <input_file id="fl-1c">
         <kind>object</kind>
         <file>&lt;internal&gt;</file>
         <name>&lt;internal&gt;</name>
      </input_file>
      <input_file id="fl-37">
         <path>/Applications/ti/ccs2030/ccs/tools/compiler/ti-cgt-msp430_21.6.1.LTS/lib/</path>
         <kind>archive</kind>
         <file>rts430x_lc_sd_eabi.lib</file>
         <name>copy_decompress_lzss.c.obj</name>
      </input_file>
      <input_file id="fl-38">
         <path>/Applications/ti/ccs2030/ccs/tools/compiler/ti-cgt-msp430_21.6.1.LTS/lib/</path>
         <kind>archive</kind>
         <file>rts430x_lc_sd_eabi.lib</file>
         <name>copy_decompress_none.c.obj</name>
      </input_file>
      <input_file id="fl-39">
         <path>/Applications/ti/ccs2030/ccs/tools/compiler/ti-cgt-msp430_21.6.1.LTS/lib/</path>
         <kind>archive</kind>
         <file>rts430x_lc_sd_eabi.lib</file>
         <name>int23.asm.obj</name>
      </input_file>
      <input_file id="fl-3a">
         <path>/Applications/ti/ccs2030/ccs/tools/compiler/ti-cgt-msp430_21.6.1.LTS/lib/</path>
         <kind>archive</kind>
         <file>rts430x_lc_sd_eabi.lib</file>
         <name>isr_trap.asm.obj</name>
      </input_file>
      <input_file id="fl-3b">
         <path>/Applications/ti/ccs2030/ccs/tools/compiler/ti-cgt-msp430_21.6.1.LTS/lib/</path>
         <kind>archive</kind>
         <file>rts430x_lc_sd_eabi.lib</file>
         <name>int25.asm.obj</name>
      </input_file>
      <input_file id="fl-3c">
         <path>/Applications/ti/ccs2030/ccs/tools/compiler/ti-cgt-msp430_21.6.1.LTS/lib/</path>
         <kind>archive</kind>
         <file>rts430x_lc_sd_eabi.lib</file>
         <name>int26.asm.obj</name>
      </input_file>
      <input_file id="fl-3d">
         <path>/Applications/ti/ccs2030/ccs/tools/compiler/ti-cgt-msp430_21.6.1.LTS/lib/</path>
         <kind>archive</kind>
         <file>rts430x_lc_sd_eabi.lib</file>
         <name>int27.asm.obj</name>
      </input_file>
      <input_file id="fl-3e">
         <path>/Applications/ti/ccs2030/ccs/tools/compiler/ti-cgt-msp430_21.6.1.LTS/lib/</path>
         <kind>archive</kind>
         <file>rts430x_lc_sd_eabi.lib</file>
         <name>int28.asm.obj</name>
      </input_file>
      <input_file id="fl-3f">
         <path>/Applications/ti/ccs2030/ccs/tools/compiler/ti-cgt-msp430_21.6.1.LTS/lib/</path>
         <kind>archive</kind>
         <file>rts430x_lc_sd_eabi.lib</file>
         <name>int30.asm.obj</name>
      </input_file>
      <input_file id="fl-40">
         <path>/Applications/ti/ccs2030/ccs/tools/compiler/ti-cgt-msp430_21.6.1.LTS/lib/</path>
         <kind>archive</kind>
         <file>rts430x_lc_sd_eabi.lib</file>
         <name>int31.asm.obj</name>
      </input_file>
      <input_file id="fl-41">
         <path>/Applications/ti/ccs2030/ccs/tools/compiler/ti-cgt-msp430_21.6.1.LTS/lib/</path>
         <kind>archive</kind>
         <file>rts430x_lc_sd_eabi.lib</file>
         <name>int34.asm.obj</name>
      </input_file>
      <input_file id="fl-42">
         <path>/Applications/ti/ccs2030/ccs/tools/compiler/ti-cgt-msp430_21.6.1.LTS/lib/</path>
         <kind>archive</kind>
         <file>rts430x_lc_sd_eabi.lib</file>
         <name>int35.asm.obj</name>
      </input_file>
      <input_file id="fl-43">
         <path>/Applications/ti/ccs2030/ccs/tools/compiler/ti-cgt-msp430_21.6.1.LTS/lib/</path>
         <kind>archive</kind>
         <file>rts430x_lc_sd_eabi.lib</file>
         <name>int36.asm.obj</name>
      </input_file>
      <input_file id="fl-44">
         <path>/Applications/ti/ccs2030/ccs/tools/compiler/ti-cgt-msp430_21.6.1.LTS/lib/</path>
         <kind>archive</kind>
         <file>rts430x_lc_sd_eabi.lib</file>
         <name>int37.asm.obj</name>
      </input_file>
      <input_file id="fl-45">
         <path>/Applications/ti/ccs2030/ccs/tools/compiler/ti-cgt-msp430_21.6.1.LTS/lib/</path>
         <kind>archive</kind>
         <file>rts430x_lc_sd_eabi.lib</file>
         <name>int38.asm.obj</name>
      </input_file>
      <input_file id="fl-46">
         <path>/Applications/ti/ccs2030/ccs/tools/compiler/ti-cgt-msp430_21.6.1.LTS/lib/</path>
         <kind>archive</kind>
         <file>rts430x_lc_sd_eabi.lib</file>
         <name>int39.asm.obj</name>
      </input_file>
      <input_file id="fl-47">
         <path>/Applications/ti/ccs2030/ccs/tools/compiler/ti-cgt-msp430_21.6.1.LTS/lib/</path>
         <kind>archive</kind>
         <file>rts430x_lc_sd_eabi.lib</file>
         <name>int40.asm.obj</name>
      </input_file>
      <input_file id="fl-48">
         <path>/Applications/ti/ccs2030/ccs/tools/compiler/ti-cgt-msp430_21.6.1.LTS/lib/</path>
         <kind>archive</kind>
         <file>rts430x_lc_sd_eabi.lib</file>
         <name>int41.asm.obj</name>
      </input_file>
      <input_file id="fl-49">
         <path>/Applications/ti/ccs2030/ccs/tools/compiler/ti-cgt-msp430_21.6.1.LTS/lib/</path>
         <kind>archive</kind>
         <file>rts430x_lc_sd_eabi.lib</file>
         <name>int44.asm.obj</name>
      </input_file>
      <input_file id="fl-4a">
         <path>/Applications/ti/ccs2030/ccs/tools/compiler/ti-cgt-msp430_21.6.1.LTS/lib/</path>
         <kind>archive</kind>
         <file>rts430x_lc_sd_eabi.lib</file>
         <name>int45.asm.obj</name>
      </input_file>
      <input_file id="fl-4b">
         <path>/Applications/ti/ccs2030/ccs/tools/compiler/ti-cgt-msp430_21.6.1.LTS/lib/</path>
         <kind>archive</kind>
         <file>rts430x_lc_sd_eabi.lib</file>
         <name>copy_zero_init.c.obj</name>
      </input_file>
      <input_file id="fl-4c">
         <path>/Applications/ti/ccs2030/ccs/tools/compiler/ti-cgt-msp430_21.6.1.LTS/lib/</path>
         <kind>archive</kind>
         <file>rts430x_lc_sd_eabi.lib</file>
         <name>cpy_util.asm.obj</name>
      </input_file>
      <input_file id="fl-4d">
         <path>/Applications/ti/ccs2030/ccs/tools/compiler/ti-cgt-msp430_21.6.1.LTS/lib/</path>
         <kind>archive</kind>
         <file>rts430x_lc_sd_eabi.lib</file>
         <name>mult16.asm.obj</name>
      </input_file>
      <input_file id="fl-4e">
         <path>/Applications/ti/ccs2030/ccs/tools/compiler/ti-cgt-msp430_21.6.1.LTS/lib/</path>
         <kind>archive</kind>
         <file>rts430x_lc_sd_eabi.lib</file>
         <name>mult16_f5hw.asm.obj</name>
      </input_file>
      <input_file id="fl-4f">
         <path>/Applications/ti/ccs2030/ccs/tools/compiler/ti-cgt-msp430_21.6.1.LTS/lib/</path>
         <kind>archive</kind>
         <file>rts430x_lc_sd_eabi.lib</file>
         <name>mult32_f5hw.asm.obj</name>
      </input_file>
      <input_file id="fl-50">
         <path>/Applications/ti/ccs2030/ccs/tools/compiler/ti-cgt-msp430_21.6.1.LTS/lib/</path>
         <kind>archive</kind>
         <file>rts430x_lc_sd_eabi.lib</file>
         <name>mult64_f5hw.asm.obj</name>
      </input_file>
      <input_file id="fl-51">
         <path>/Applications/ti/ccs2030/ccs/tools/compiler/ti-cgt-msp430_21.6.1.LTS/lib/</path>
         <kind>archive</kind>
         <file>rts430x_lc_sd_eabi.lib</file>
         <name>mult1632_f5hw.asm.obj</name>
      </input_file>
      <input_file id="fl-52">
         <path>/Applications/ti/ccs2030/ccs/tools/compiler/ti-cgt-msp430_21.6.1.LTS/lib/</path>
         <kind>archive</kind>
         <file>rts430x_lc_sd_eabi.lib</file>
         <name>mult3264_f5hw.asm.obj</name>
      </input_file>
      <input_file id="fl-53">
         <path>/Applications/ti/ccs2030/ccs/tools/compiler/ti-cgt-msp430_21.6.1.LTS/lib/</path>
         <kind>archive</kind>
         <file>rts430x_lc_sd_eabi.lib</file>
         <name>boot.c.obj</name>
      </input_file>
      <input_file id="fl-54">
         <path>/Applications/ti/ccs2030/ccs/ccs_base/msp430/lib/FR2xx/</path>
         <kind>archive</kind>
         <file>FRWP_INIT_LIB_CCS_msp430_large_code_small_data.lib</file>
         <name>frwp_init.obj</name>
      </input_file>
      <input_file id="fl-55">
         <path>/Applications/ti/ccs2030/ccs/tools/compiler/ti-cgt-msp430_21.6.1.LTS/lib/</path>
         <kind>archive</kind>
         <file>rts430x_lc_sd_eabi.lib</file>
         <name>args_main.c.obj</name>
      </input_file>
      <input_file id="fl-56">
         <path>/Applications/ti/ccs2030/ccs/tools/compiler/ti-cgt-msp430_21.6.1.LTS/lib/</path>
         <kind>archive</kind>
         <file>rts430x_lc_sd_eabi.lib</file>
         <name>autoinit.c.obj</name>
      </input_file>
      <input_file id="fl-57">
         <path>/Applications/ti/ccs2030/ccs/tools/compiler/ti-cgt-msp430_21.6.1.LTS/lib/</path>
         <kind>archive</kind>
         <file>rts430x_lc_sd_eabi.lib</file>
         <name>startup.c.obj</name>
      </input_file>
      <input_file id="fl-58">
         <path>/Applications/ti/ccs2030/ccs/tools/compiler/ti-cgt-msp430_21.6.1.LTS/lib/</path>
         <kind>archive</kind>
         <file>rts430x_lc_sd_eabi.lib</file>
         <name>pre_init.c.obj</name>
      </input_file>
      <input_file id="fl-59">
         <path>/Applications/ti/ccs2030/ccs/tools/compiler/ti-cgt-msp430_21.6.1.LTS/lib/</path>
         <kind>archive</kind>
         <file>rts430x_lc_sd_eabi.lib</file>
         <name>cpy_tbl.c.obj</name>
      </input_file>
      <input_file id="fl-5a">
         <path>/Applications/ti/ccs2030/ccs/tools/compiler/ti-cgt-msp430_21.6.1.LTS/lib/</path>
         <kind>archive</kind>
         <file>rts430x_lc_sd_eabi.lib</file>
         <name>exit.c.obj</name>
      </input_file>
      <input_file id="fl-5b">
         <path>/Applications/ti/ccs2030/ccs/tools/compiler/ti-cgt-msp430_21.6.1.LTS/lib/</path>
         <kind>archive</kind>
         <file>rts430x_lc_sd_eabi.lib</file>
         <name>exit_gvars.c.obj</name>
      </input_file>
      <input_file id="fl-5c">
         <path>/Applications/ti/ccs2030/ccs/tools/compiler/ti-cgt-msp430_21.6.1.LTS/lib/</path>
         <kind>archive</kind>
         <file>rts430x_lc_sd_eabi.lib</file>
         <name>_lock.c.obj</name>
      </input_file>
      <input_file id="fl-5d">
         <path>/Applications/ti/ccs2030/ccs/tools/compiler/ti-cgt-msp430_21.6.1.LTS/lib/</path>
         <kind>archive</kind>
         <file>rts430x_lc_sd_eabi.lib</file>
         <name>memcpy.c.obj</name>
      </input_file>
      <input_file id="fl-5e">
         <path>/Applications/ti/ccs2030/ccs/tools/compiler/ti-cgt-msp430_21.6.1.LTS/lib/</path>
         <kind>archive</kind>
         <file>rts430x_lc_sd_eabi.lib</file>
         <name>memset.c.obj</name>
      </input_file>
      <input_file id="fl-5f">
         <path>/Applications/ti/ccs2030/ccs/tools/compiler/ti-cgt-msp430_21.6.1.LTS/lib/</path>
         <kind>archive</kind>
         <file>rts430x_lc_sd_eabi.lib</file>
         <name>strcpy.c.obj</name>
      </input_file>
      <input_file id="fl-60">
         <path>/Applications/ti/ccs2030/ccs/tools/compiler/ti-cgt-msp430_21.6.1.LTS/lib/</path>
         <kind>archive</kind>
         <file>rts430x_lc_sd_eabi.lib</file>
         <name>strlen.c.obj</name>
      </input_file>
      <input_file id="fl-61">
         <path>/Applications/ti/ccs2030/ccs/tools/compiler/ti-cgt-msp430_21.6.1.LTS/lib/</path>
         <kind>archive</kind>
         <file>rts430x_lc_sd_eabi.lib</file>
         <name>strncpy.c.obj</name>
      </input_file>
   </input_file_list>
   <object_component_list>
      <object_component id="oc-8b7">
         <name>.cinit..data.load</name>
         <load_address>0x8000</load_address>
         <run_address>0x8000</run_address>
         <size>0xd</size>
      </object_component>
      <object_component id="oc-8b4">
         <name>__TI_handler_table</name>
         <load_address>0x800e</load_address>
         <run_address>0x800e</run_address>
         <size>0xc</size>
      </object_component>
      <object_component id="oc-8b6">
         <name>.cinit..bss.load</name>
         <load_address>0x801a</load_address>
         <run_address>0x801a</run_address>
         <size>0x6</size>
      </object_component>
      <object_component id="oc-8b5">
         <name>__TI_cinit_table</name>
         <load_address>0x8020</load_address>
         <run_address>0x8020</run_address>
         <size>0x10</size>
      </object_component>
      <object_component id="oc-854">
         <name>.binit</name>
         <load_address>0x8030</load_address>
         <run_address>0x8030</run_address>
         <size>0x0</size>
      </object_component>
      <object_component id="oc-833">
         <name>.const:.string</name>
         <load_address>0x8030</load_address>
         <run_address>0x8030</run_address>
         <size>0x30</size>
         <input_file_ref idref="fl-d"/>
      </object_component>
      <object_component id="oc-517">
         <name>.const:g_uart_hw</name>
         <load_address>0x8060</load_address>
         <run_address>0x8060</run_address>
         <size>0x20</size>
         <input_file_ref idref="fl-15"/>
      </object_component>
      <object_component id="oc-7d9">
         <name>.const:.string</name>
         <load_address>0x8080</load_address>
         <run_address>0x8080</run_address>
         <size>0x1e</size>
         <input_file_ref idref="fl-a"/>
      </object_component>
      <object_component id="oc-7ff">
         <name>.const:g_baud_labels</name>
         <load_address>0x809e</load_address>
         <run_address>0x809e</run_address>
         <size>0x12</size>
         <input_file_ref idref="fl-d"/>
      </object_component>
      <object_component id="oc-848">
         <name>.const:.string:g_test_string</name>
         <load_address>0x80b0</load_address>
         <run_address>0x80b0</run_address>
         <size>0x9</size>
         <input_file_ref idref="fl-d"/>
      </object_component>
      <object_component id="oc-7ce">
         <name>.const:g_splash_lines</name>
         <load_address>0x80ba</load_address>
         <run_address>0x80ba</run_address>
         <size>0x8</size>
         <input_file_ref idref="fl-d"/>
      </object_component>
      <object_component id="oc-768">
         <name>.const:.string</name>
         <load_address>0x80c2</load_address>
         <run_address>0x80c2</run_address>
         <size>0x4</size>
         <input_file_ref idref="fl-5"/>
      </object_component>
      <object_component id="oc-66">
         <name>.text:decompress:lzss:__TI_decompress_lzss</name>
         <load_address>0x80c6</load_address>
         <run_address>0x80c6</run_address>
         <size>0xee</size>
         <input_file_ref idref="fl-37"/>
      </object_component>
      <object_component id="oc-5f4">
         <name>.text:Init_Port3</name>
         <load_address>0x81b4</load_address>
         <run_address>0x81b4</run_address>
         <size>0xc8</size>
         <input_file_ref idref="fl-f"/>
      </object_component>
      <object_component id="oc-55a">
         <name>.text:Init_LCD</name>
         <load_address>0x827c</load_address>
         <run_address>0x827c</run_address>
         <size>0xc4</size>
         <input_file_ref idref="fl-16"/>
      </object_component>
      <object_component id="oc-60d">
         <name>.text:Software_Trim</name>
         <load_address>0x8340</load_address>
         <run_address>0x8340</run_address>
         <size>0xbe</size>
         <input_file_ref idref="fl-7"/>
      </object_component>
      <object_component id="oc-5ee">
         <name>.text:Init_Port2</name>
         <load_address>0x83fe</load_address>
         <run_address>0x83fe</run_address>
         <size>0x96</size>
         <input_file_ref idref="fl-f"/>
      </object_component>
      <object_component id="oc-5fa">
         <name>.text:Init_Port4</name>
         <load_address>0x8494</load_address>
         <run_address>0x8494</run_address>
         <size>0x82</size>
         <input_file_ref idref="fl-f"/>
      </object_component>
      <object_component id="oc-7da">
         <name>.text:lcd_copy_to_line</name>
         <load_address>0x8516</load_address>
         <run_address>0x8516</run_address>
         <size>0x78</size>
         <input_file_ref idref="fl-a"/>
      </object_component>
      <object_component id="oc-606">
         <name>.text:Init_Port6</name>
         <load_address>0x858e</load_address>
         <run_address>0x858e</run_address>
         <size>0x76</size>
         <input_file_ref idref="fl-f"/>
      </object_component>
      <object_component id="oc-685">
         <name>.text:app_handle_buttons</name>
         <load_address>0x8604</load_address>
         <run_address>0x8604</run_address>
         <size>0x76</size>
         <input_file_ref idref="fl-5"/>
      </object_component>
      <object_component id="oc-566">
         <name>.text:uart_init</name>
         <load_address>0x867a</load_address>
         <run_address>0x867a</run_address>
         <size>0x74</size>
         <input_file_ref idref="fl-15"/>
      </object_component>
      <object_component id="oc-5a9">
         <name>.text:__TI_auto_init_nobinit_nopinit_hold_wdt:__TI_auto_init_nobinit_nopinit_hold_wdt</name>
         <load_address>0x86ee</load_address>
         <run_address>0x86ee</run_address>
         <size>0x6a</size>
         <input_file_ref idref="fl-56"/>
      </object_component>
      <object_component id="oc-548">
         <name>.text:Init_Clocks</name>
         <load_address>0x8758</load_address>
         <run_address>0x8758</run_address>
         <size>0x68</size>
         <input_file_ref idref="fl-7"/>
      </object_component>
      <object_component id="oc-68b">
         <name>.text:app_handle_rx</name>
         <load_address>0x87c0</load_address>
         <run_address>0x87c0</run_address>
         <size>0x62</size>
         <input_file_ref idref="fl-5"/>
      </object_component>
      <object_component id="oc-76f">
         <name>.text:app_toggle_baud</name>
         <load_address>0x8822</load_address>
         <run_address>0x8822</run_address>
         <size>0x5e</size>
         <input_file_ref idref="fl-5"/>
      </object_component>
      <object_component id="oc-77f">
         <name>.text:uart_rx_pop</name>
         <load_address>0x8880</load_address>
         <run_address>0x8880</run_address>
         <size>0x5c</size>
         <input_file_ref idref="fl-15"/>
      </object_component>
      <object_component id="oc-804">
         <name>.text:uart_tx_byte</name>
         <load_address>0x88dc</load_address>
         <run_address>0x88dc</run_address>
         <size>0x58</size>
         <input_file_ref idref="fl-15"/>
      </object_component>
      <object_component id="oc-5e8">
         <name>.text:Init_Port1</name>
         <load_address>0x8934</load_address>
         <run_address>0x8934</run_address>
         <size>0x56</size>
         <input_file_ref idref="fl-f"/>
      </object_component>
      <object_component id="oc-54e">
         <name>.text:Init_Conditions</name>
         <load_address>0x898a</load_address>
         <run_address>0x898a</run_address>
         <size>0x52</size>
         <input_file_ref idref="fl-8"/>
      </object_component>
      <object_component id="oc-4be">
         <name>.text:uart_isr_rx</name>
         <load_address>0x89dc</load_address>
         <run_address>0x89dc</run_address>
         <size>0x52</size>
         <input_file_ref idref="fl-15"/>
      </object_component>
      <object_component id="oc-600">
         <name>.text:Init_Port5</name>
         <load_address>0x8a2e</load_address>
         <run_address>0x8a2e</run_address>
         <size>0x4c</size>
         <input_file_ref idref="fl-f"/>
      </object_component>
      <object_component id="oc-61d">
         <name>.text:Init_Timer_B3</name>
         <load_address>0x8a7a</load_address>
         <run_address>0x8a7a</run_address>
         <size>0x4c</size>
         <input_file_ref idref="fl-14"/>
      </object_component>
      <object_component id="oc-779">
         <name>.text:app_handle_complete_command</name>
         <load_address>0x8ac6</load_address>
         <run_address>0x8ac6</run_address>
         <size>0x4c</size>
         <input_file_ref idref="fl-5"/>
      </object_component>
      <object_component id="oc-5dd">
         <name>.text:uart_tx_enqueue</name>
         <load_address>0x8b12</load_address>
         <run_address>0x8b12</run_address>
         <size>0x4c</size>
         <input_file_ref idref="fl-15"/>
      </object_component>
      <object_component id="oc-4b8">
         <name>.text:uart_isr_tx</name>
         <load_address>0x8b5e</load_address>
         <run_address>0x8b5e</run_address>
         <size>0x4a</size>
         <input_file_ref idref="fl-15"/>
      </object_component>
      <object_component id="oc-78d">
         <name>.text:app_send_test_string</name>
         <load_address>0x8ba8</load_address>
         <run_address>0x8ba8</run_address>
         <size>0x48</size>
         <input_file_ref idref="fl-5"/>
      </object_component>
      <object_component id="oc-4e5">
         <name>.text:main</name>
         <load_address>0x8bf0</load_address>
         <run_address>0x8bf0</run_address>
         <size>0x46</size>
         <input_file_ref idref="fl-c"/>
      </object_component>
      <object_component id="oc-769">
         <name>.text:uart_wait_tx_complete</name>
         <load_address>0x8c36</load_address>
         <run_address>0x8c36</run_address>
         <size>0x46</size>
         <input_file_ref idref="fl-15"/>
      </object_component>
      <object_component id="oc-678">
         <name>.text:Display_Update</name>
         <load_address>0x8c7c</load_address>
         <run_address>0x8c7c</run_address>
         <size>0x44</size>
         <input_file_ref idref="fl-16"/>
      </object_component>
      <object_component id="oc-80c">
         <name>.text:uart_set_baud</name>
         <load_address>0x8cc0</load_address>
         <run_address>0x8cc0</run_address>
         <size>0x44</size>
         <input_file_ref idref="fl-15"/>
      </object_component>
      <object_component id="oc-624">
         <name>.text:Init_SPI_B1</name>
         <load_address>0x8d04</load_address>
         <run_address>0x8d04</run_address>
         <size>0x40</size>
         <input_file_ref idref="fl-16"/>
      </object_component>
      <object_component id="oc-42b">
         <name>.text:__memcpy_far</name>
         <load_address>0x8d44</load_address>
         <run_address>0x8d44</run_address>
         <size>0x40</size>
         <input_file_ref idref="fl-4c"/>
      </object_component>
      <object_component id="oc-466">
         <name>.text:decompress:ZI:__TI_zero_init_nomemset:__TI_zero_init_nomemset</name>
         <load_address>0x8d84</load_address>
         <run_address>0x8d84</run_address>
         <size>0x3e</size>
         <input_file_ref idref="fl-4b"/>
      </object_component>
      <object_component id="oc-4f7">
         <name>.text:__mpu_init</name>
         <load_address>0x8dc2</load_address>
         <run_address>0x8dc2</run_address>
         <size>0x3c</size>
         <input_file_ref idref="fl-54"/>
      </object_component>
      <object_component id="oc-56c">
         <name>.text:app_init</name>
         <load_address>0x8dfe</load_address>
         <run_address>0x8dfe</run_address>
         <size>0x3c</size>
         <input_file_ref idref="fl-5"/>
      </object_component>
      <object_component id="oc-6c">
         <name>.text:decompress:none:__TI_decompress_none</name>
         <load_address>0x8e3a</load_address>
         <run_address>0x8e3a</run_address>
         <size>0x3c</size>
         <input_file_ref idref="fl-38"/>
      </object_component>
      <object_component id="oc-560">
         <name>.text:buttons_init</name>
         <load_address>0x8e76</load_address>
         <run_address>0x8e76</run_address>
         <size>0x36</size>
         <input_file_ref idref="fl-6"/>
      </object_component>
      <object_component id="oc-656">
         <name>.text:uart_apply_baud</name>
         <load_address>0x8eac</load_address>
         <run_address>0x8eac</run_address>
         <size>0x34</size>
         <input_file_ref idref="fl-15"/>
      </object_component>
      <object_component id="oc-715">
         <name>.text:uart_calculate_dividers</name>
         <load_address>0x8ee0</load_address>
         <run_address>0x8ee0</run_address>
         <size>0x34</size>
         <input_file_ref idref="fl-15"/>
      </object_component>
      <object_component id="oc-617">
         <name>.text:Init_Timer_B0</name>
         <load_address>0x8f14</load_address>
         <run_address>0x8f14</run_address>
         <size>0x32</size>
         <input_file_ref idref="fl-14"/>
      </object_component>
      <object_component id="oc-812">
         <name>.text:uart_flush_rx</name>
         <load_address>0x8f46</load_address>
         <run_address>0x8f46</run_address>
         <size>0x32</size>
         <input_file_ref idref="fl-15"/>
      </object_component>
      <object_component id="oc-74a">
         <name>.text:buttons_get_event</name>
         <load_address>0x8f78</load_address>
         <run_address>0x8f78</run_address>
         <size>0x30</size>
         <input_file_ref idref="fl-6"/>
      </object_component>
      <object_component id="oc-66f">
         <name>.text:lcd_show_splash</name>
         <load_address>0x8fa8</load_address>
         <run_address>0x8fa8</run_address>
         <size>0x30</size>
         <input_file_ref idref="fl-a"/>
      </object_component>
      <object_component id="oc-691">
         <name>.text:app_update_transmit_hold</name>
         <load_address>0x8fd8</load_address>
         <run_address>0x8fd8</run_address>
         <size>0x2e</size>
         <input_file_ref idref="fl-5"/>
      </object_component>
      <object_component id="oc-786">
         <name>.text:lcd_status_received</name>
         <load_address>0x9006</load_address>
         <run_address>0x9006</run_address>
         <size>0x2c</size>
         <input_file_ref idref="fl-a"/>
      </object_component>
      <object_component id="oc-750">
         <name>.text:lcd_status_transmit</name>
         <load_address>0x9032</load_address>
         <run_address>0x9032</run_address>
         <size>0x2c</size>
         <input_file_ref idref="fl-a"/>
      </object_component>
      <object_component id="oc-7e9">
         <name>.text:WriteData</name>
         <load_address>0x905e</load_address>
         <run_address>0x905e</run_address>
         <size>0x28</size>
         <input_file_ref idref="fl-16"/>
      </object_component>
      <object_component id="oc-63c">
         <name>.text:WriteIns</name>
         <load_address>0x9086</load_address>
         <run_address>0x9086</run_address>
         <size>0x28</size>
         <input_file_ref idref="fl-16"/>
      </object_component>
      <object_component id="oc-7f0">
         <name>.text:lcd_status_waiting</name>
         <load_address>0x90ae</load_address>
         <run_address>0x90ae</run_address>
         <size>0x24</size>
         <input_file_ref idref="fl-a"/>
      </object_component>
      <object_component id="oc-578">
         <name>.text:Display_Process</name>
         <load_address>0x90d2</load_address>
         <run_address>0x90d2</run_address>
         <size>0x22</size>
         <input_file_ref idref="fl-3"/>
      </object_component>
      <object_component id="oc-650">
         <name>.text:uart_configure_pins</name>
         <load_address>0x90f4</load_address>
         <run_address>0x90f4</run_address>
         <size>0x20</size>
         <input_file_ref idref="fl-15"/>
      </object_component>
      <object_component id="oc-67f">
         <name>.text:app_handle_splash</name>
         <load_address>0x9114</load_address>
         <run_address>0x9114</run_address>
         <size>0x1e</size>
         <input_file_ref idref="fl-5"/>
      </object_component>
      <object_component id="oc-762">
         <name>.text:uart_tx_string</name>
         <load_address>0x9132</load_address>
         <run_address>0x9132</run_address>
         <size>0x1e</size>
         <input_file_ref idref="fl-15"/>
      </object_component>
      <object_component id="oc-6f3">
         <name>.text:SPI_B1_write</name>
         <load_address>0x9150</load_address>
         <run_address>0x9150</run_address>
         <size>0x1c</size>
         <input_file_ref idref="fl-16"/>
      </object_component>
      <object_component id="oc-57e">
         <name>.text:app_process</name>
         <load_address>0x916c</load_address>
         <run_address>0x916c</run_address>
         <size>0x1c</size>
         <input_file_ref idref="fl-5"/>
      </object_component>
      <object_component id="oc-73c">
         <name>.text:lcd_out</name>
         <load_address>0x9188</load_address>
         <run_address>0x9188</run_address>
         <size>0x1c</size>
         <input_file_ref idref="fl-16"/>
      </object_component>
      <object_component id="oc-756">
         <name>.text:messages_get_baud_label</name>
         <load_address>0x91a4</load_address>
         <run_address>0x91a4</run_address>
         <size>0x1c</size>
         <input_file_ref idref="fl-d"/>
      </object_component>
      <object_component id="oc-542">
         <name>.text:Init_Ports</name>
         <load_address>0x91c0</load_address>
         <run_address>0x91c0</run_address>
         <size>0x1a</size>
         <input_file_ref idref="fl-f"/>
      </object_component>
      <object_component id="oc-697">
         <name>.text:app_check_pending_test_send</name>
         <load_address>0x91da</load_address>
         <run_address>0x91da</run_address>
         <size>0x1a</size>
         <input_file_ref idref="fl-5"/>
      </object_component>
      <object_component id="oc-75c">
         <name>.text:lcd_show_baud</name>
         <load_address>0x91f4</load_address>
         <run_address>0x91f4</run_address>
         <size>0x1a</size>
         <input_file_ref idref="fl-a"/>
      </object_component>
      <object_component id="oc-6fa">
         <name>.text:ClrDisplay_Buffer_0</name>
         <load_address>0x920e</load_address>
         <run_address>0x920e</run_address>
         <size>0x18</size>
         <input_file_ref idref="fl-16"/>
      </object_component>
      <object_component id="oc-700">
         <name>.text:ClrDisplay_Buffer_1</name>
         <load_address>0x9226</load_address>
         <run_address>0x9226</run_address>
         <size>0x18</size>
         <input_file_ref idref="fl-16"/>
      </object_component>
      <object_component id="oc-706">
         <name>.text:ClrDisplay_Buffer_2</name>
         <load_address>0x923e</load_address>
         <run_address>0x923e</run_address>
         <size>0x18</size>
         <input_file_ref idref="fl-16"/>
      </object_component>
      <object_component id="oc-70c">
         <name>.text:ClrDisplay_Buffer_3</name>
         <load_address>0x9256</load_address>
         <run_address>0x9256</run_address>
         <size>0x18</size>
         <input_file_ref idref="fl-16"/>
      </object_component>
      <object_component id="oc-7d3">
         <name>.text:lcd_line_index</name>
         <load_address>0x926e</load_address>
         <run_address>0x926e</run_address>
         <size>0x18</size>
         <input_file_ref idref="fl-a"/>
      </object_component>
      <object_component id="oc-50f">
         <name>.text</name>
         <load_address>0x9286</load_address>
         <run_address>0x9286</run_address>
         <size>0x18</size>
         <input_file_ref idref="fl-4e"/>
      </object_component>
      <object_component id="oc-642">
         <name>.text:ClrDisplay</name>
         <load_address>0x929e</load_address>
         <run_address>0x929e</run_address>
         <size>0x16</size>
         <input_file_ref idref="fl-16"/>
      </object_component>
      <object_component id="oc-630">
         <name>.text:spi_chipselect_idle</name>
         <load_address>0x92b4</load_address>
         <run_address>0x92b4</run_address>
         <size>0x16</size>
         <input_file_ref idref="fl-16"/>
      </object_component>
      <object_component id="oc-526">
         <name>.text:uart_forward_to_peer</name>
         <load_address>0x92ca</load_address>
         <run_address>0x92ca</run_address>
         <size>0x16</size>
         <input_file_ref idref="fl-15"/>
      </object_component>
      <object_component id="oc-4c9">
         <name>.text:buttons_post_event</name>
         <load_address>0x92e0</load_address>
         <run_address>0x92e0</run_address>
         <size>0x14</size>
         <input_file_ref idref="fl-6"/>
      </object_component>
      <object_component id="oc-663">
         <name>.text:memset</name>
         <load_address>0x92f4</load_address>
         <run_address>0x92f4</run_address>
         <size>0x14</size>
         <input_file_ref idref="fl-5e"/>
      </object_component>
      <object_component id="oc-743">
         <name>.text:app_show_waiting</name>
         <load_address>0x9308</load_address>
         <run_address>0x9308</run_address>
         <size>0x12</size>
         <input_file_ref idref="fl-5"/>
      </object_component>
      <object_component id="oc-7b5">
         <name>.text:memcpy</name>
         <load_address>0x931a</load_address>
         <run_address>0x931a</run_address>
         <size>0x12</size>
         <input_file_ref idref="fl-5d"/>
      </object_component>
      <object_component id="oc-728">
         <name>.text:messages_get_splash_line</name>
         <load_address>0x932c</load_address>
         <run_address>0x932c</run_address>
         <size>0x12</size>
         <input_file_ref idref="fl-d"/>
      </object_component>
      <object_component id="oc-6ed">
         <name>.text:spi_chipselect_active</name>
         <load_address>0x933e</load_address>
         <run_address>0x933e</run_address>
         <size>0x12</size>
         <input_file_ref idref="fl-16"/>
      </object_component>
      <object_component id="oc-72e">
         <name>.text:lcd_clear_line</name>
         <load_address>0x9350</load_address>
         <run_address>0x9350</run_address>
         <size>0x10</size>
         <input_file_ref idref="fl-a"/>
      </object_component>
      <object_component id="oc-648">
         <name>.text:DisplayOnOff</name>
         <load_address>0x9360</load_address>
         <run_address>0x9360</run_address>
         <size>0xe</size>
         <input_file_ref idref="fl-16"/>
      </object_component>
      <object_component id="oc-839">
         <name>.text:strlen</name>
         <load_address>0x936e</load_address>
         <run_address>0x936e</run_address>
         <size>0xe</size>
         <input_file_ref idref="fl-60"/>
      </object_component>
      <object_component id="oc-669">
         <name>.text:uart_bridge_enable</name>
         <load_address>0x937c</load_address>
         <run_address>0x937c</run_address>
         <size>0xe</size>
         <input_file_ref idref="fl-15"/>
      </object_component>
      <object_component id="oc-734">
         <name>.text:lcd_center_line</name>
         <load_address>0x938a</load_address>
         <run_address>0x938a</run_address>
         <size>0xc</size>
         <input_file_ref idref="fl-a"/>
      </object_component>
      <object_component id="oc-7f8">
         <name>.text:lcd_print_line</name>
         <load_address>0x9396</load_address>
         <run_address>0x9396</run_address>
         <size>0xc</size>
         <input_file_ref idref="fl-a"/>
      </object_component>
      <object_component id="oc-554">
         <name>.text:Init_Timers</name>
         <load_address>0x93a2</load_address>
         <run_address>0x93a2</run_address>
         <size>0xa</size>
         <input_file_ref idref="fl-14"/>
      </object_component>
      <object_component id="oc-572">
         <name>.text:enable_interrupts</name>
         <load_address>0x93ac</load_address>
         <run_address>0x93ac</run_address>
         <size>0x8</size>
         <input_file_ref idref="fl-13"/>
      </object_component>
      <object_component id="oc-585">
         <name>.text:abort</name>
         <load_address>0x93b4</load_address>
         <run_address>0x93b4</run_address>
         <size>0x6</size>
         <input_file_ref idref="fl-5a"/>
      </object_component>
      <object_component id="oc-81e">
         <name>.text:messages_get_test_string</name>
         <load_address>0x93ba</load_address>
         <run_address>0x93ba</run_address>
         <size>0x6</size>
         <input_file_ref idref="fl-d"/>
      </object_component>
      <object_component id="oc-636">
         <name>.text:spi_reset_active</name>
         <load_address>0x93c0</load_address>
         <run_address>0x93c0</run_address>
         <size>0x6</size>
         <input_file_ref idref="fl-16"/>
      </object_component>
      <object_component id="oc-62a">
         <name>.text:spi_reset_idle</name>
         <load_address>0x93c6</load_address>
         <run_address>0x93c6</run_address>
         <size>0x6</size>
         <input_file_ref idref="fl-16"/>
      </object_component>
      <object_component id="oc-4df">
         <name>.text:_system_pre_init</name>
         <load_address>0x93cc</load_address>
         <run_address>0x93cc</run_address>
         <size>0x4</size>
         <input_file_ref idref="fl-58"/>
      </object_component>
      <object_component id="oc-6b0">
         <name>.text:_system_post_cinit</name>
         <load_address>0x93d0</load_address>
         <run_address>0x93d0</run_address>
         <size>0x2</size>
         <input_file_ref idref="fl-57"/>
      </object_component>
      <object_component id="oc-448">
         <name>.text:_isr:ADC_ISR</name>
         <load_address>0x93d2</load_address>
         <run_address>0x93d2</run_address>
         <size>0x7e</size>
         <input_file_ref idref="fl-9"/>
      </object_component>
      <object_component id="oc-45a">
         <name>.text:_isr:TIMER0_B1_ISR</name>
         <load_address>0x9450</load_address>
         <run_address>0x9450</run_address>
         <size>0x64</size>
         <input_file_ref idref="fl-9"/>
      </object_component>
      <object_component id="oc-437">
         <name>.text:_isr:switch1_interrupt</name>
         <load_address>0x94b4</load_address>
         <run_address>0x94b4</run_address>
         <size>0x2a</size>
         <input_file_ref idref="fl-9"/>
      </object_component>
      <object_component id="oc-442">
         <name>.text:_isr:switch2_interrupt</name>
         <load_address>0x94de</load_address>
         <run_address>0x94de</run_address>
         <size>0x2a</size>
         <input_file_ref idref="fl-9"/>
      </object_component>
      <object_component id="oc-490">
         <name>.text:_isr:_c_int00_noargs_mpu</name>
         <load_address>0x9508</load_address>
         <run_address>0x9508</run_address>
         <size>0x20</size>
         <input_file_ref idref="fl-53"/>
      </object_component>
      <object_component id="oc-454">
         <name>.text:_isr:eUSCI_A0_ISR</name>
         <load_address>0x9528</load_address>
         <run_address>0x9528</run_address>
         <size>0x20</size>
         <input_file_ref idref="fl-15"/>
      </object_component>
      <object_component id="oc-44e">
         <name>.text:_isr:eUSCI_A1_ISR</name>
         <load_address>0x9548</load_address>
         <run_address>0x9548</run_address>
         <size>0x20</size>
         <input_file_ref idref="fl-15"/>
      </object_component>
      <object_component id="oc-460">
         <name>.text:_isr:Timer0_B0_ISR</name>
         <load_address>0x9568</load_address>
         <run_address>0x9568</run_address>
         <size>0x10</size>
         <input_file_ref idref="fl-9"/>
      </object_component>
      <object_component id="oc-43d">
         <name>.text:_isr:__TI_ISR_TRAP</name>
         <load_address>0x9578</load_address>
         <run_address>0x9578</run_address>
         <size>0x8</size>
         <input_file_ref idref="fl-3a"/>
      </object_component>
      <object_component id="oc-660">
         <name>.bss:g_last_command</name>
         <uninitialized>true</uninitialized>
         <run_address>0x223c</run_address>
         <size>0x22</size>
         <input_file_ref idref="fl-5"/>
      </object_component>
      <object_component id="oc-776">
         <name>.bss:g_rx_buffer</name>
         <uninitialized>true</uninitialized>
         <run_address>0x225e</run_address>
         <size>0x22</size>
         <input_file_ref idref="fl-5"/>
      </object_component>
      <object_component id="oc-514">
         <name>.bss:g_uart_state</name>
         <uninitialized>true</uninitialized>
         <run_address>0x2000</run_address>
         <size>0x210</size>
         <input_file_ref idref="fl-15"/>
      </object_component>
      <object_component id="oc-4b6">
         <name>.common:ADCLeft</name>
         <uninitialized>true</uninitialized>
         <run_address>0x2288</run_address>
         <size>0x2</size>
      </object_component>
      <object_component id="oc-4b5">
         <name>.common:ADCRight</name>
         <uninitialized>true</uninitialized>
         <run_address>0x228a</run_address>
         <size>0x2</size>
      </object_component>
      <object_component id="oc-4b2">
         <name>.common:ADCThumb</name>
         <uninitialized>true</uninitialized>
         <run_address>0x228c</run_address>
         <size>0x2</size>
      </object_component>
      <object_component id="oc-4d4">
         <name>.common:Time_Sequence</name>
         <uninitialized>true</uninitialized>
         <run_address>0x228e</run_address>
         <size>0x2</size>
      </object_component>
      <object_component id="oc-6df">
         <name>.common:port3_4</name>
         <uninitialized>true</uninitialized>
         <run_address>0x2294</run_address>
         <size>0x2</size>
      </object_component>
      <object_component id="oc-4cf">
         <name>.common:count_debounce_SW1</name>
         <uninitialized>true</uninitialized>
         <run_address>0x2290</run_address>
         <size>0x2</size>
      </object_component>
      <object_component id="oc-4c6">
         <name>.common:count_debounce_SW2</name>
         <uninitialized>true</uninitialized>
         <run_address>0x2292</run_address>
         <size>0x2</size>
      </object_component>
      <object_component id="oc-7c5">
         <name>.common:current_character</name>
         <uninitialized>true</uninitialized>
         <run_address>0x2296</run_address>
         <size>0x1</size>
      </object_component>
      <object_component id="oc-4d1">
         <name>.common:update_display</name>
         <uninitialized>true</uninitialized>
         <run_address>0x2298</run_address>
         <size>0x1</size>
      </object_component>
      <object_component id="oc-677">
         <name>.common:display_changed</name>
         <uninitialized>true</uninitialized>
         <run_address>0x2297</run_address>
         <size>0x1</size>
      </object_component>
      <object_component id="oc-614">
         <name>.common:display_line</name>
         <uninitialized>true</uninitialized>
         <run_address>0x2210</run_address>
         <size>0x2c</size>
      </object_component>
      <object_component id="oc-615">
         <name>.common:display</name>
         <uninitialized>true</uninitialized>
         <run_address>0x2280</run_address>
         <size>0x8</size>
      </object_component>
      <object_component id="oc-65d">
         <name>.data</name>
         <load_address>0x229a</load_address>
         <run_address>0x229a</run_address>
         <size>0x11</size>
         <input_file_ref idref="fl-5"/>
      </object_component>
      <object_component id="oc-52f">
         <name>.data</name>
         <load_address>0x22ab</load_address>
         <run_address>0x22ab</run_address>
         <size>0x1</size>
         <input_file_ref idref="fl-6"/>
      </object_component>
      <object_component id="oc-4af">
         <name>.data</name>
         <load_address>0x22ac</load_address>
         <run_address>0x22ac</run_address>
         <size>0x2</size>
         <input_file_ref idref="fl-9"/>
      </object_component>
      <object_component id="oc-5da">
         <name>.data</name>
         <load_address>0x22ae</load_address>
         <run_address>0x22ae</run_address>
         <size>0x1</size>
         <input_file_ref idref="fl-15"/>
      </object_component>
      <object_component id="oc-41c">
         <name>.stack</name>
         <uninitialized>true</uninitialized>
         <run_address>0x2f60</run_address>
         <size>0x2</size>
         <input_file_ref idref="fl-53"/>
      </object_component>
      <object_component id="oc-8b8">
         <name>.stack</name>
         <uninitialized>true</uninitialized>
         <run_address>0x2f60</run_address>
         <size>0x0</size>
      </object_component>
      <object_component id="oc-72">
         <name>.int22</name>
         <load_address>0xffce</load_address>
         <run_address>0xffce</run_address>
         <size>0x2</size>
         <input_file_ref idref="fl-9"/>
      </object_component>
      <object_component id="oc-73">
         <name>.int23</name>
         <load_address>0xffd0</load_address>
         <run_address>0xffd0</run_address>
         <size>0x2</size>
         <input_file_ref idref="fl-39"/>
      </object_component>
      <object_component id="oc-74">
         <name>.int24</name>
         <load_address>0xffd2</load_address>
         <run_address>0xffd2</run_address>
         <size>0x2</size>
         <input_file_ref idref="fl-9"/>
      </object_component>
      <object_component id="oc-75">
         <name>.int25</name>
         <load_address>0xffd4</load_address>
         <run_address>0xffd4</run_address>
         <size>0x2</size>
         <input_file_ref idref="fl-3b"/>
      </object_component>
      <object_component id="oc-76">
         <name>.int26</name>
         <load_address>0xffd6</load_address>
         <run_address>0xffd6</run_address>
         <size>0x2</size>
         <input_file_ref idref="fl-3c"/>
      </object_component>
      <object_component id="oc-77">
         <name>.int27</name>
         <load_address>0xffd8</load_address>
         <run_address>0xffd8</run_address>
         <size>0x2</size>
         <input_file_ref idref="fl-3d"/>
      </object_component>
      <object_component id="oc-78">
         <name>.int28</name>
         <load_address>0xffda</load_address>
         <run_address>0xffda</run_address>
         <size>0x2</size>
         <input_file_ref idref="fl-3e"/>
      </object_component>
      <object_component id="oc-79">
         <name>.int29</name>
         <load_address>0xffdc</load_address>
         <run_address>0xffdc</run_address>
         <size>0x2</size>
         <input_file_ref idref="fl-9"/>
      </object_component>
      <object_component id="oc-7a">
         <name>.int30</name>
         <load_address>0xffde</load_address>
         <run_address>0xffde</run_address>
         <size>0x2</size>
         <input_file_ref idref="fl-3f"/>
      </object_component>
      <object_component id="oc-7b">
         <name>.int31</name>
         <load_address>0xffe0</load_address>
         <run_address>0xffe0</run_address>
         <size>0x2</size>
         <input_file_ref idref="fl-40"/>
      </object_component>
      <object_component id="oc-7c">
         <name>.int32</name>
         <load_address>0xffe2</load_address>
         <run_address>0xffe2</run_address>
         <size>0x2</size>
         <input_file_ref idref="fl-15"/>
      </object_component>
      <object_component id="oc-7d">
         <name>.int33</name>
         <load_address>0xffe4</load_address>
         <run_address>0xffe4</run_address>
         <size>0x2</size>
         <input_file_ref idref="fl-15"/>
      </object_component>
      <object_component id="oc-7e">
         <name>.int34</name>
         <load_address>0xffe6</load_address>
         <run_address>0xffe6</run_address>
         <size>0x2</size>
         <input_file_ref idref="fl-41"/>
      </object_component>
      <object_component id="oc-7f">
         <name>.int35</name>
         <load_address>0xffe8</load_address>
         <run_address>0xffe8</run_address>
         <size>0x2</size>
         <input_file_ref idref="fl-42"/>
      </object_component>
      <object_component id="oc-80">
         <name>.int36</name>
         <load_address>0xffea</load_address>
         <run_address>0xffea</run_address>
         <size>0x2</size>
         <input_file_ref idref="fl-43"/>
      </object_component>
      <object_component id="oc-81">
         <name>.int37</name>
         <load_address>0xffec</load_address>
         <run_address>0xffec</run_address>
         <size>0x2</size>
         <input_file_ref idref="fl-44"/>
      </object_component>
      <object_component id="oc-82">
         <name>.int38</name>
         <load_address>0xffee</load_address>
         <run_address>0xffee</run_address>
         <size>0x2</size>
         <input_file_ref idref="fl-45"/>
      </object_component>
      <object_component id="oc-83">
         <name>.int39</name>
         <load_address>0xfff0</load_address>
         <run_address>0xfff0</run_address>
         <size>0x2</size>
         <input_file_ref idref="fl-46"/>
      </object_component>
      <object_component id="oc-84">
         <name>.int40</name>
         <load_address>0xfff2</load_address>
         <run_address>0xfff2</run_address>
         <size>0x2</size>
         <input_file_ref idref="fl-47"/>
      </object_component>
      <object_component id="oc-85">
         <name>.int41</name>
         <load_address>0xfff4</load_address>
         <run_address>0xfff4</run_address>
         <size>0x2</size>
         <input_file_ref idref="fl-48"/>
      </object_component>
      <object_component id="oc-86">
         <name>.int42</name>
         <load_address>0xfff6</load_address>
         <run_address>0xfff6</run_address>
         <size>0x2</size>
         <input_file_ref idref="fl-9"/>
      </object_component>
      <object_component id="oc-87">
         <name>.int43</name>
         <load_address>0xfff8</load_address>
         <run_address>0xfff8</run_address>
         <size>0x2</size>
         <input_file_ref idref="fl-9"/>
      </object_component>
      <object_component id="oc-88">
         <name>.int44</name>
         <load_address>0xfffa</load_address>
         <run_address>0xfffa</run_address>
         <size>0x2</size>
         <input_file_ref idref="fl-49"/>
      </object_component>
      <object_component id="oc-89">
         <name>.int45</name>
         <load_address>0xfffc</load_address>
         <run_address>0xfffc</run_address>
         <size>0x2</size>
         <input_file_ref idref="fl-4a"/>
      </object_component>
      <object_component id="oc-41f">
         <name>.reset</name>
         <load_address>0xfffe</load_address>
         <run_address>0xfffe</run_address>
         <size>0x2</size>
         <input_file_ref idref="fl-53"/>
      </object_component>
      <object_component id="oc-4b3">
         <name>.debug_info</name>
         <load_address>0x0</load_address>
         <run_address>0x0</run_address>
         <size>0x28c</size>
         <input_file_ref idref="fl-2"/>
      </object_component>
      <object_component id="oc-426">
         <name>.debug_info</name>
         <load_address>0x28c</load_address>
         <run_address>0x28c</run_address>
         <size>0x84</size>
         <input_file_ref idref="fl-2"/>
      </object_component>
      <object_component id="oc-6d8">
         <name>.debug_info</name>
         <load_address>0x310</load_address>
         <run_address>0x310</run_address>
         <size>0x2c</size>
         <input_file_ref idref="fl-2"/>
      </object_component>
      <object_component id="oc-50a">
         <name>.debug_info</name>
         <load_address>0x33c</load_address>
         <run_address>0x33c</run_address>
         <size>0x35</size>
         <input_file_ref idref="fl-2"/>
      </object_component>
      <object_component id="oc-579">
         <name>.debug_info</name>
         <load_address>0x371</load_address>
         <run_address>0x371</run_address>
         <size>0x12d</size>
         <input_file_ref idref="fl-3"/>
      </object_component>
      <object_component id="oc-5e7">
         <name>.debug_info</name>
         <load_address>0x49e</load_address>
         <run_address>0x49e</run_address>
         <size>0x4c2</size>
         <input_file_ref idref="fl-5"/>
      </object_component>
      <object_component id="oc-65e">
         <name>.debug_info</name>
         <load_address>0x960</load_address>
         <run_address>0x960</run_address>
         <size>0x273</size>
         <input_file_ref idref="fl-5"/>
      </object_component>
      <object_component id="oc-661">
         <name>.debug_info</name>
         <load_address>0xbd3</load_address>
         <run_address>0xbd3</run_address>
         <size>0xe1</size>
         <input_file_ref idref="fl-5"/>
      </object_component>
      <object_component id="oc-777">
         <name>.debug_info</name>
         <load_address>0xcb4</load_address>
         <run_address>0xcb4</run_address>
         <size>0xdb</size>
         <input_file_ref idref="fl-5"/>
      </object_component>
      <object_component id="oc-744">
         <name>.debug_info</name>
         <load_address>0xd8f</load_address>
         <run_address>0xd8f</run_address>
         <size>0x144</size>
         <input_file_ref idref="fl-5"/>
      </object_component>
      <object_component id="oc-680">
         <name>.debug_info</name>
         <load_address>0xed3</load_address>
         <run_address>0xed3</run_address>
         <size>0x126</size>
         <input_file_ref idref="fl-5"/>
      </object_component>
      <object_component id="oc-770">
         <name>.debug_info</name>
         <load_address>0xff9</load_address>
         <run_address>0xff9</run_address>
         <size>0x1b8</size>
         <input_file_ref idref="fl-5"/>
      </object_component>
      <object_component id="oc-686">
         <name>.debug_info</name>
         <load_address>0x11b1</load_address>
         <run_address>0x11b1</run_address>
         <size>0x22a</size>
         <input_file_ref idref="fl-5"/>
      </object_component>
      <object_component id="oc-77a">
         <name>.debug_info</name>
         <load_address>0x13db</load_address>
         <run_address>0x13db</run_address>
         <size>0x1c8</size>
         <input_file_ref idref="fl-5"/>
      </object_component>
      <object_component id="oc-68c">
         <name>.debug_info</name>
         <load_address>0x15a3</load_address>
         <run_address>0x15a3</run_address>
         <size>0x14d</size>
         <input_file_ref idref="fl-5"/>
      </object_component>
      <object_component id="oc-692">
         <name>.debug_info</name>
         <load_address>0x16f0</load_address>
         <run_address>0x16f0</run_address>
         <size>0x14e</size>
         <input_file_ref idref="fl-5"/>
      </object_component>
      <object_component id="oc-78e">
         <name>.debug_info</name>
         <load_address>0x183e</load_address>
         <run_address>0x183e</run_address>
         <size>0x1e8</size>
         <input_file_ref idref="fl-5"/>
      </object_component>
      <object_component id="oc-698">
         <name>.debug_info</name>
         <load_address>0x1a26</load_address>
         <run_address>0x1a26</run_address>
         <size>0x13e</size>
         <input_file_ref idref="fl-5"/>
      </object_component>
      <object_component id="oc-57f">
         <name>.debug_info</name>
         <load_address>0x1b64</load_address>
         <run_address>0x1b64</run_address>
         <size>0x18a</size>
         <input_file_ref idref="fl-5"/>
      </object_component>
      <object_component id="oc-56d">
         <name>.debug_info</name>
         <load_address>0x1cee</load_address>
         <run_address>0x1cee</run_address>
         <size>0x13a</size>
         <input_file_ref idref="fl-5"/>
      </object_component>
      <object_component id="oc-51b">
         <name>.debug_info</name>
         <load_address>0x1e28</load_address>
         <run_address>0x1e28</run_address>
         <size>0x7a</size>
         <input_file_ref idref="fl-5"/>
      </object_component>
      <object_component id="oc-533">
         <name>.debug_info</name>
         <load_address>0x1ea2</load_address>
         <run_address>0x1ea2</run_address>
         <size>0x83</size>
         <input_file_ref idref="fl-5"/>
      </object_component>
      <object_component id="oc-71e">
         <name>.debug_info</name>
         <load_address>0x1f25</load_address>
         <run_address>0x1f25</run_address>
         <size>0x51</size>
         <input_file_ref idref="fl-5"/>
      </object_component>
      <object_component id="oc-53c">
         <name>.debug_info</name>
         <load_address>0x1f76</load_address>
         <run_address>0x1f76</run_address>
         <size>0x26b</size>
         <input_file_ref idref="fl-5"/>
      </object_component>
      <object_component id="oc-5d5">
         <name>.debug_info</name>
         <load_address>0x21e1</load_address>
         <run_address>0x21e1</run_address>
         <size>0x282</size>
         <input_file_ref idref="fl-5"/>
      </object_component>
      <object_component id="oc-521">
         <name>.debug_info</name>
         <load_address>0x2463</load_address>
         <run_address>0x2463</run_address>
         <size>0xbb</size>
         <input_file_ref idref="fl-5"/>
      </object_component>
      <object_component id="oc-5e6">
         <name>.debug_info</name>
         <load_address>0x251e</load_address>
         <run_address>0x251e</run_address>
         <size>0x2b3</size>
         <input_file_ref idref="fl-6"/>
      </object_component>
      <object_component id="oc-530">
         <name>.debug_info</name>
         <load_address>0x27d1</load_address>
         <run_address>0x27d1</run_address>
         <size>0xef</size>
         <input_file_ref idref="fl-6"/>
      </object_component>
      <object_component id="oc-4ca">
         <name>.debug_info</name>
         <load_address>0x28c0</load_address>
         <run_address>0x28c0</run_address>
         <size>0x131</size>
         <input_file_ref idref="fl-6"/>
      </object_component>
      <object_component id="oc-561">
         <name>.debug_info</name>
         <load_address>0x29f1</load_address>
         <run_address>0x29f1</run_address>
         <size>0x112</size>
         <input_file_ref idref="fl-6"/>
      </object_component>
      <object_component id="oc-74b">
         <name>.debug_info</name>
         <load_address>0x2b03</load_address>
         <run_address>0x2b03</run_address>
         <size>0x142</size>
         <input_file_ref idref="fl-6"/>
      </object_component>
      <object_component id="oc-60e">
         <name>.debug_info</name>
         <load_address>0x2c45</load_address>
         <run_address>0x2c45</run_address>
         <size>0x231</size>
         <input_file_ref idref="fl-7"/>
      </object_component>
      <object_component id="oc-549">
         <name>.debug_info</name>
         <load_address>0x2e76</load_address>
         <run_address>0x2e76</run_address>
         <size>0x121</size>
         <input_file_ref idref="fl-7"/>
      </object_component>
      <object_component id="oc-54f">
         <name>.debug_info</name>
         <load_address>0x2f97</load_address>
         <run_address>0x2f97</run_address>
         <size>0x11a</size>
         <input_file_ref idref="fl-8"/>
      </object_component>
      <object_component id="oc-4d5">
         <name>.debug_info</name>
         <load_address>0x30b1</load_address>
         <run_address>0x30b1</run_address>
         <size>0x402</size>
         <input_file_ref idref="fl-9"/>
      </object_component>
      <object_component id="oc-4b0">
         <name>.debug_info</name>
         <load_address>0x34b3</load_address>
         <run_address>0x34b3</run_address>
         <size>0xe0</size>
         <input_file_ref idref="fl-9"/>
      </object_component>
      <object_component id="oc-443">
         <name>.debug_info</name>
         <load_address>0x3593</load_address>
         <run_address>0x3593</run_address>
         <size>0x126</size>
         <input_file_ref idref="fl-9"/>
      </object_component>
      <object_component id="oc-438">
         <name>.debug_info</name>
         <load_address>0x36b9</load_address>
         <run_address>0x36b9</run_address>
         <size>0x126</size>
         <input_file_ref idref="fl-9"/>
      </object_component>
      <object_component id="oc-461">
         <name>.debug_info</name>
         <load_address>0x37df</load_address>
         <run_address>0x37df</run_address>
         <size>0x11e</size>
         <input_file_ref idref="fl-9"/>
      </object_component>
      <object_component id="oc-45b">
         <name>.debug_info</name>
         <load_address>0x38fd</load_address>
         <run_address>0x38fd</run_address>
         <size>0x150</size>
         <input_file_ref idref="fl-9"/>
      </object_component>
      <object_component id="oc-449">
         <name>.debug_info</name>
         <load_address>0x3a4d</load_address>
         <run_address>0x3a4d</run_address>
         <size>0x112</size>
         <input_file_ref idref="fl-9"/>
      </object_component>
      <object_component id="oc-73b">
         <name>.debug_info</name>
         <load_address>0x3b5f</load_address>
         <run_address>0x3b5f</run_address>
         <size>0x255</size>
         <input_file_ref idref="fl-a"/>
      </object_component>
      <object_component id="oc-7db">
         <name>.debug_info</name>
         <load_address>0x3db4</load_address>
         <run_address>0x3db4</run_address>
         <size>0x213</size>
         <input_file_ref idref="fl-a"/>
      </object_component>
      <object_component id="oc-7d4">
         <name>.debug_info</name>
         <load_address>0x3fc7</load_address>
         <run_address>0x3fc7</run_address>
         <size>0x12f</size>
         <input_file_ref idref="fl-a"/>
      </object_component>
      <object_component id="oc-735">
         <name>.debug_info</name>
         <load_address>0x40f6</load_address>
         <run_address>0x40f6</run_address>
         <size>0x15a</size>
         <input_file_ref idref="fl-a"/>
      </object_component>
      <object_component id="oc-72f">
         <name>.debug_info</name>
         <load_address>0x4250</load_address>
         <run_address>0x4250</run_address>
         <size>0x147</size>
         <input_file_ref idref="fl-a"/>
      </object_component>
      <object_component id="oc-75d">
         <name>.debug_info</name>
         <load_address>0x4397</load_address>
         <run_address>0x4397</run_address>
         <size>0x16d</size>
         <input_file_ref idref="fl-a"/>
      </object_component>
      <object_component id="oc-7f1">
         <name>.debug_info</name>
         <load_address>0x4504</load_address>
         <run_address>0x4504</run_address>
         <size>0x1a0</size>
         <input_file_ref idref="fl-a"/>
      </object_component>
      <object_component id="oc-7f9">
         <name>.debug_info</name>
         <load_address>0x46a4</load_address>
         <run_address>0x46a4</run_address>
         <size>0x158</size>
         <input_file_ref idref="fl-a"/>
      </object_component>
      <object_component id="oc-751">
         <name>.debug_info</name>
         <load_address>0x47fc</load_address>
         <run_address>0x47fc</run_address>
         <size>0x197</size>
         <input_file_ref idref="fl-a"/>
      </object_component>
      <object_component id="oc-787">
         <name>.debug_info</name>
         <load_address>0x4993</load_address>
         <run_address>0x4993</run_address>
         <size>0x197</size>
         <input_file_ref idref="fl-a"/>
      </object_component>
      <object_component id="oc-670">
         <name>.debug_info</name>
         <load_address>0x4b2a</load_address>
         <run_address>0x4b2a</run_address>
         <size>0x172</size>
         <input_file_ref idref="fl-a"/>
      </object_component>
      <object_component id="oc-7e4">
         <name>.debug_info</name>
         <load_address>0x4c9c</load_address>
         <run_address>0x4c9c</run_address>
         <size>0x53</size>
         <input_file_ref idref="fl-a"/>
      </object_component>
      <object_component id="oc-4e6">
         <name>.debug_info</name>
         <load_address>0x4cef</load_address>
         <run_address>0x4cef</run_address>
         <size>0x1cf</size>
         <input_file_ref idref="fl-c"/>
      </object_component>
      <object_component id="oc-7d2">
         <name>.debug_info</name>
         <load_address>0x4ebe</load_address>
         <run_address>0x4ebe</run_address>
         <size>0x198</size>
         <input_file_ref idref="fl-d"/>
      </object_component>
      <object_component id="oc-849">
         <name>.debug_info</name>
         <load_address>0x5056</load_address>
         <run_address>0x5056</run_address>
         <size>0xe4</size>
         <input_file_ref idref="fl-d"/>
      </object_component>
      <object_component id="oc-800">
         <name>.debug_info</name>
         <load_address>0x513a</load_address>
         <run_address>0x513a</run_address>
         <size>0xe4</size>
         <input_file_ref idref="fl-d"/>
      </object_component>
      <object_component id="oc-7cf">
         <name>.debug_info</name>
         <load_address>0x521e</load_address>
         <run_address>0x521e</run_address>
         <size>0xe6</size>
         <input_file_ref idref="fl-d"/>
      </object_component>
      <object_component id="oc-81f">
         <name>.debug_info</name>
         <load_address>0x5304</load_address>
         <run_address>0x5304</run_address>
         <size>0x131</size>
         <input_file_ref idref="fl-d"/>
      </object_component>
      <object_component id="oc-729">
         <name>.debug_info</name>
         <load_address>0x5435</load_address>
         <run_address>0x5435</run_address>
         <size>0x157</size>
         <input_file_ref idref="fl-d"/>
      </object_component>
      <object_component id="oc-757">
         <name>.debug_info</name>
         <load_address>0x558c</load_address>
         <run_address>0x558c</run_address>
         <size>0x140</size>
         <input_file_ref idref="fl-d"/>
      </object_component>
      <object_component id="oc-6e0">
         <name>.debug_info</name>
         <load_address>0x56cc</load_address>
         <run_address>0x56cc</run_address>
         <size>0x3e2</size>
         <input_file_ref idref="fl-f"/>
      </object_component>
      <object_component id="oc-5e9">
         <name>.debug_info</name>
         <load_address>0x5aae</load_address>
         <run_address>0x5aae</run_address>
         <size>0x108</size>
         <input_file_ref idref="fl-f"/>
      </object_component>
      <object_component id="oc-5ef">
         <name>.debug_info</name>
         <load_address>0x5bb6</load_address>
         <run_address>0x5bb6</run_address>
         <size>0x108</size>
         <input_file_ref idref="fl-f"/>
      </object_component>
      <object_component id="oc-5f5">
         <name>.debug_info</name>
         <load_address>0x5cbe</load_address>
         <run_address>0x5cbe</run_address>
         <size>0x108</size>
         <input_file_ref idref="fl-f"/>
      </object_component>
      <object_component id="oc-5fb">
         <name>.debug_info</name>
         <load_address>0x5dc6</load_address>
         <run_address>0x5dc6</run_address>
         <size>0x108</size>
         <input_file_ref idref="fl-f"/>
      </object_component>
      <object_component id="oc-601">
         <name>.debug_info</name>
         <load_address>0x5ece</load_address>
         <run_address>0x5ece</run_address>
         <size>0x109</size>
         <input_file_ref idref="fl-f"/>
      </object_component>
      <object_component id="oc-607">
         <name>.debug_info</name>
         <load_address>0x5fd7</load_address>
         <run_address>0x5fd7</run_address>
         <size>0x10b</size>
         <input_file_ref idref="fl-f"/>
      </object_component>
      <object_component id="oc-543">
         <name>.debug_info</name>
         <load_address>0x60e2</load_address>
         <run_address>0x60e2</run_address>
         <size>0x16e</size>
         <input_file_ref idref="fl-f"/>
      </object_component>
      <object_component id="oc-4c7">
         <name>.debug_info</name>
         <load_address>0x6250</load_address>
         <run_address>0x6250</run_address>
         <size>0x22d</size>
         <input_file_ref idref="fl-12"/>
      </object_component>
      <object_component id="oc-573">
         <name>.debug_info</name>
         <load_address>0x647d</load_address>
         <run_address>0x647d</run_address>
         <size>0x119</size>
         <input_file_ref idref="fl-13"/>
      </object_component>
      <object_component id="oc-618">
         <name>.debug_info</name>
         <load_address>0x6596</load_address>
         <run_address>0x6596</run_address>
         <size>0x117</size>
         <input_file_ref idref="fl-14"/>
      </object_component>
      <object_component id="oc-61e">
         <name>.debug_info</name>
         <load_address>0x66ad</load_address>
         <run_address>0x66ad</run_address>
         <size>0x117</size>
         <input_file_ref idref="fl-14"/>
      </object_component>
      <object_component id="oc-555">
         <name>.debug_info</name>
         <load_address>0x67c4</load_address>
         <run_address>0x67c4</run_address>
         <size>0x13b</size>
         <input_file_ref idref="fl-14"/>
      </object_component>
      <object_component id="oc-520">
         <name>.debug_info</name>
         <load_address>0x68ff</load_address>
         <run_address>0x68ff</run_address>
         <size>0x478</size>
         <input_file_ref idref="fl-15"/>
      </object_component>
      <object_component id="oc-515">
         <name>.debug_info</name>
         <load_address>0x6d77</load_address>
         <run_address>0x6d77</run_address>
         <size>0xde</size>
         <input_file_ref idref="fl-15"/>
      </object_component>
      <object_component id="oc-518">
         <name>.debug_info</name>
         <load_address>0x6e55</load_address>
         <run_address>0x6e55</run_address>
         <size>0xd8</size>
         <input_file_ref idref="fl-15"/>
      </object_component>
      <object_component id="oc-5db">
         <name>.debug_info</name>
         <load_address>0x6f2d</load_address>
         <run_address>0x6f2d</run_address>
         <size>0xe6</size>
         <input_file_ref idref="fl-15"/>
      </object_component>
      <object_component id="oc-76a">
         <name>.debug_info</name>
         <load_address>0x7013</load_address>
         <run_address>0x7013</run_address>
         <size>0x1c1</size>
         <input_file_ref idref="fl-15"/>
      </object_component>
      <object_component id="oc-5de">
         <name>.debug_info</name>
         <load_address>0x71d4</load_address>
         <run_address>0x71d4</run_address>
         <size>0x197</size>
         <input_file_ref idref="fl-15"/>
      </object_component>
      <object_component id="oc-805">
         <name>.debug_info</name>
         <load_address>0x736b</load_address>
         <run_address>0x736b</run_address>
         <size>0x1b1</size>
         <input_file_ref idref="fl-15"/>
      </object_component>
      <object_component id="oc-763">
         <name>.debug_info</name>
         <load_address>0x751c</load_address>
         <run_address>0x751c</run_address>
         <size>0x164</size>
         <input_file_ref idref="fl-15"/>
      </object_component>
      <object_component id="oc-716">
         <name>.debug_info</name>
         <load_address>0x7680</load_address>
         <run_address>0x7680</run_address>
         <size>0x174</size>
         <input_file_ref idref="fl-15"/>
      </object_component>
      <object_component id="oc-657">
         <name>.debug_info</name>
         <load_address>0x77f4</load_address>
         <run_address>0x77f4</run_address>
         <size>0x194</size>
         <input_file_ref idref="fl-15"/>
      </object_component>
      <object_component id="oc-80d">
         <name>.debug_info</name>
         <load_address>0x7988</load_address>
         <run_address>0x7988</run_address>
         <size>0x17b</size>
         <input_file_ref idref="fl-15"/>
      </object_component>
      <object_component id="oc-780">
         <name>.debug_info</name>
         <load_address>0x7b03</load_address>
         <run_address>0x7b03</run_address>
         <size>0x19d</size>
         <input_file_ref idref="fl-15"/>
      </object_component>
      <object_component id="oc-651">
         <name>.debug_info</name>
         <load_address>0x7ca0</load_address>
         <run_address>0x7ca0</run_address>
         <size>0x138</size>
         <input_file_ref idref="fl-15"/>
      </object_component>
      <object_component id="oc-567">
         <name>.debug_info</name>
         <load_address>0x7dd8</load_address>
         <run_address>0x7dd8</run_address>
         <size>0x1be</size>
         <input_file_ref idref="fl-15"/>
      </object_component>
      <object_component id="oc-813">
         <name>.debug_info</name>
         <load_address>0x7f96</load_address>
         <run_address>0x7f96</run_address>
         <size>0x170</size>
         <input_file_ref idref="fl-15"/>
      </object_component>
      <object_component id="oc-66a">
         <name>.debug_info</name>
         <load_address>0x8106</load_address>
         <run_address>0x8106</run_address>
         <size>0x142</size>
         <input_file_ref idref="fl-15"/>
      </object_component>
      <object_component id="oc-4b9">
         <name>.debug_info</name>
         <load_address>0x8248</load_address>
         <run_address>0x8248</run_address>
         <size>0x17d</size>
         <input_file_ref idref="fl-15"/>
      </object_component>
      <object_component id="oc-527">
         <name>.debug_info</name>
         <load_address>0x83c5</load_address>
         <run_address>0x83c5</run_address>
         <size>0x17d</size>
         <input_file_ref idref="fl-15"/>
      </object_component>
      <object_component id="oc-4bf">
         <name>.debug_info</name>
         <load_address>0x8542</load_address>
         <run_address>0x8542</run_address>
         <size>0x19c</size>
         <input_file_ref idref="fl-15"/>
      </object_component>
      <object_component id="oc-44f">
         <name>.debug_info</name>
         <load_address>0x86de</load_address>
         <run_address>0x86de</run_address>
         <size>0x131</size>
         <input_file_ref idref="fl-15"/>
      </object_component>
      <object_component id="oc-455">
         <name>.debug_info</name>
         <load_address>0x880f</load_address>
         <run_address>0x880f</run_address>
         <size>0x131</size>
         <input_file_ref idref="fl-15"/>
      </object_component>
      <object_component id="oc-5d0">
         <name>.debug_info</name>
         <load_address>0x8940</load_address>
         <run_address>0x8940</run_address>
         <size>0x16c</size>
         <input_file_ref idref="fl-15"/>
      </object_component>
      <object_component id="oc-4d2">
         <name>.debug_info</name>
         <load_address>0x8aac</load_address>
         <run_address>0x8aac</run_address>
         <size>0x536</size>
         <input_file_ref idref="fl-16"/>
      </object_component>
      <object_component id="oc-62b">
         <name>.debug_info</name>
         <load_address>0x8fe2</load_address>
         <run_address>0x8fe2</run_address>
         <size>0x12e</size>
         <input_file_ref idref="fl-16"/>
      </object_component>
      <object_component id="oc-637">
         <name>.debug_info</name>
         <load_address>0x9110</load_address>
         <run_address>0x9110</run_address>
         <size>0x132</size>
         <input_file_ref idref="fl-16"/>
      </object_component>
      <object_component id="oc-631">
         <name>.debug_info</name>
         <load_address>0x9242</load_address>
         <run_address>0x9242</run_address>
         <size>0x138</size>
[...]
      </symbol>
      <symbol id="sm-38d">
         <name>UCB1IV_L</name>
         <value>0x5ee</value>
      </symbol>
      <symbol id="sm-38e">
         <name>UCB1IV_H</name>
         <value>0x5ef</value>
      </symbol>
      <symbol id="sm-38f">
         <name>fram_rw_start</name>
         <value>0x8000</value>
      </symbol>
      <symbol id="sm-390">
         <name>fram_rx_start</name>
         <value>0x8000</value>
      </symbol>
      <symbol id="sm-391">
         <name>__TI_CINIT_Base</name>
         <value>0x8020</value>
      </symbol>
      <symbol id="sm-392">
         <name>__TI_CINIT_Limit</name>
         <value>0x8030</value>
      </symbol>
      <symbol id="sm-393">
         <name>__TI_CINIT_Warm</name>
         <value>0x8030</value>
      </symbol>
      <symbol id="sm-394">
         <name>__TI_Handler_Table_Base</name>
         <value>0x800e</value>
      </symbol>
      <symbol id="sm-395">
         <name>__TI_Handler_Table_Limit</name>
         <value>0x801a</value>
      </symbol>
      <symbol id="sm-396">
         <name>__STACK_SIZE</name>
         <value>0xa0</value>
      </symbol>
      <symbol id="sm-397">
         <name>__STACK_END</name>
         <value>0x3000</value>
      </symbol>
      <symbol id="sm-398">
         <name>__c_args__</name>
         <value>0xffffffff</value>
      </symbol>
      <symbol id="sm-399">
         <name>__TI_pprof_out_hndl</name>
         <value>0xffffffff</value>
      </symbol>
      <symbol id="sm-39a">
         <name>__TI_prof_data_start</name>
         <value>0xffffffff</value>
      </symbol>
      <symbol id="sm-39b">
         <name>__TI_prof_data_size</name>
         <value>0xffffffff</value>
      </symbol>
      <symbol id="sm-3ff">
         <name>ADCLeft</name>
         <value>0x2288</value>
      </symbol>
      <symbol id="sm-400">
         <name>ADCRight</name>
         <value>0x228a</value>
      </symbol>
      <symbol id="sm-401">
         <name>ADCThumb</name>
         <value>0x228c</value>
      </symbol>
      <symbol id="sm-40b">
         <name>Display_Process</name>
         <value>0x90d2</value>
         <object_component_ref idref="oc-578"/>
      </symbol>
      <symbol id="sm-4b1">
         <name>app_process</name>
         <value>0x916c</value>
         <object_component_ref idref="oc-57e"/>
      </symbol>
      <symbol id="sm-4b2">
         <name>app_init</name>
         <value>0x8dfe</value>
         <object_component_ref idref="oc-56c"/>
      </symbol>
      <symbol id="sm-4d7">
         <name>buttons_init</name>
         <value>0x8e76</value>
         <object_component_ref idref="oc-560"/>
      </symbol>
      <symbol id="sm-4d8">
         <name>buttons_get_event</name>
         <value>0x8f78</value>
         <object_component_ref idref="oc-74a"/>
      </symbol>
      <symbol id="sm-4d9">
         <name>buttons_post_event</name>
         <value>0x92e0</value>
         <object_component_ref idref="oc-4c9"/>
      </symbol>
      <symbol id="sm-4f5">
         <name>Init_Clocks</name>
         <value>0x8758</value>
         <object_component_ref idref="oc-548"/>
      </symbol>
      <symbol id="sm-4f6">
         <name>Software_Trim</name>
         <value>0x8340</value>
         <object_component_ref idref="oc-60d"/>
      </symbol>
      <symbol id="sm-501">
         <name>Init_Conditions</name>
         <value>0x898a</value>
         <object_component_ref idref="oc-54e"/>
      </symbol>
      <symbol id="sm-540">
         <name>Time_Sequence</name>
         <value>0x228e</value>
      </symbol>
      <symbol id="sm-541">
         <name>ADC_ISR</name>
         <value>0x93d2</value>
         <object_component_ref idref="oc-448"/>
      </symbol>
      <symbol id="sm-542">
         <name>__TI_int29</name>
         <value>0xffdc</value>
         <object_component_ref idref="oc-79"/>
      </symbol>
      <symbol id="sm-543">
         <name>__TI_int24</name>
         <value>0xffd2</value>
         <object_component_ref idref="oc-74"/>
      </symbol>
      <symbol id="sm-544">
         <name>__TI_int22</name>
         <value>0xffce</value>
         <object_component_ref idref="oc-72"/>
      </symbol>
      <symbol id="sm-545">
         <name>__TI_int42</name>
         <value>0xfff6</value>
         <object_component_ref idref="oc-86"/>
      </symbol>
      <symbol id="sm-546">
         <name>__TI_int43</name>
         <value>0xfff8</value>
         <object_component_ref idref="oc-87"/>
      </symbol>
      <symbol id="sm-547">
         <name>switch1_interrupt</name>
         <value>0x94b4</value>
         <object_component_ref idref="oc-437"/>
      </symbol>
      <symbol id="sm-548">
         <name>Timer0_B0_ISR</name>
         <value>0x9568</value>
         <object_component_ref idref="oc-460"/>
      </symbol>
      <symbol id="sm-549">
         <name>switch2_interrupt</name>
         <value>0x94de</value>
         <object_component_ref idref="oc-442"/>
      </symbol>
      <symbol id="sm-54a">
         <name>TIMER0_B1_ISR</name>
         <value>0x9450</value>
         <object_component_ref idref="oc-45a"/>
      </symbol>
      <symbol id="sm-5b1">
         <name>lcd_show_splash</name>
         <value>0x8fa8</value>
         <object_component_ref idref="oc-66f"/>
      </symbol>
      <symbol id="sm-5b2">
         <name>lcd_status_waiting</name>
         <value>0x90ae</value>
         <object_component_ref idref="oc-7f0"/>
      </symbol>
      <symbol id="sm-5b3">
         <name>lcd_status_transmit</name>
         <value>0x9032</value>
         <object_component_ref idref="oc-750"/>
      </symbol>
      <symbol id="sm-5b4">
         <name>lcd_status_received</name>
         <value>0x9006</value>
         <object_component_ref idref="oc-786"/>
      </symbol>
      <symbol id="sm-5b5">
         <name>lcd_print_line</name>
         <value>0x9396</value>
         <object_component_ref idref="oc-7f8"/>
      </symbol>
      <symbol id="sm-5b6">
         <name>lcd_center_line</name>
         <value>0x938a</value>
         <object_component_ref idref="oc-734"/>
      </symbol>
      <symbol id="sm-5b7">
         <name>lcd_clear_line</name>
         <value>0x9350</value>
         <object_component_ref idref="oc-72e"/>
      </symbol>
      <symbol id="sm-5b8">
         <name>lcd_show_baud</name>
         <value>0x91f4</value>
         <object_component_ref idref="oc-75c"/>
      </symbol>
      <symbol id="sm-5c3">
         <name>main</name>
         <value>0x8bf0</value>
         <object_component_ref idref="oc-4e5"/>
      </symbol>
      <symbol id="sm-5fa">
         <name>messages_get_test_string</name>
         <value>0x93ba</value>
         <object_component_ref idref="oc-81e"/>
      </symbol>
      <symbol id="sm-5fb">
         <name>messages_get_baud_label</name>
         <value>0x91a4</value>
         <object_component_ref idref="oc-756"/>
      </symbol>
      <symbol id="sm-5fc">
         <name>messages_get_splash_line</name>
         <value>0x932c</value>
         <object_component_ref idref="oc-728"/>
      </symbol>
      <symbol id="sm-637">
         <name>port3_4</name>
         <value>0x2294</value>
      </symbol>
      <symbol id="sm-638">
         <name>Init_Port6</name>
         <value>0x858e</value>
         <object_component_ref idref="oc-606"/>
      </symbol>
      <symbol id="sm-639">
         <name>Init_Port4</name>
         <value>0x8494</value>
         <object_component_ref idref="oc-5fa"/>
      </symbol>
      <symbol id="sm-63a">
         <name>Init_Port5</name>
         <value>0x8a2e</value>
         <object_component_ref idref="oc-600"/>
      </symbol>
      <symbol id="sm-63b">
         <name>Init_Port2</name>
         <value>0x83fe</value>
         <object_component_ref idref="oc-5ee"/>
      </symbol>
      <symbol id="sm-63c">
         <name>Init_Port3</name>
         <value>0x81b4</value>
         <object_component_ref idref="oc-5f4"/>
      </symbol>
      <symbol id="sm-63d">
         <name>Init_Port1</name>
         <value>0x8934</value>
         <object_component_ref idref="oc-5e8"/>
      </symbol>
      <symbol id="sm-63e">
         <name>Init_Ports</name>
         <value>0x91c0</value>
         <object_component_ref idref="oc-542"/>
      </symbol>
      <symbol id="sm-646">
         <name>count_debounce_SW1</name>
         <value>0x2290</value>
      </symbol>
      <symbol id="sm-647">
         <name>count_debounce_SW2</name>
         <value>0x2292</value>
      </symbol>
      <symbol id="sm-650">
         <name>enable_interrupts</name>
         <value>0x93ac</value>
         <object_component_ref idref="oc-572"/>
      </symbol>
      <symbol id="sm-667">
         <name>Init_Timers</name>
         <value>0x93a2</value>
         <object_component_ref idref="oc-554"/>
      </symbol>
      <symbol id="sm-668">
         <name>Init_Timer_B3</name>
         <value>0x8a7a</value>
         <object_component_ref idref="oc-61d"/>
      </symbol>
      <symbol id="sm-669">
         <name>Init_Timer_B0</name>
         <value>0x8f14</value>
         <object_component_ref idref="oc-617"/>
      </symbol>
      <symbol id="sm-726">
         <name>uart_tx_byte</name>
         <value>0x88dc</value>
         <object_component_ref idref="oc-804"/>
      </symbol>
      <symbol id="sm-727">
         <name>eUSCI_A1_ISR</name>
         <value>0x9548</value>
         <object_component_ref idref="oc-44e"/>
      </symbol>
      <symbol id="sm-728">
         <name>__TI_int32</name>
         <value>0xffe2</value>
         <object_component_ref idref="oc-7c"/>
      </symbol>
      <symbol id="sm-729">
         <name>__TI_int33</name>
         <value>0xffe4</value>
         <object_component_ref idref="oc-7d"/>
      </symbol>
      <symbol id="sm-72a">
         <name>uart_bridge_enable</name>
         <value>0x937c</value>
         <object_component_ref idref="oc-669"/>
      </symbol>
      <symbol id="sm-72b">
         <name>uart_set_baud</name>
         <value>0x8cc0</value>
         <object_component_ref idref="oc-80c"/>
      </symbol>
      <symbol id="sm-72c">
         <name>uart_tx_string</name>
         <value>0x9132</value>
         <object_component_ref idref="oc-762"/>
      </symbol>
      <symbol id="sm-72d">
         <name>uart_calculate_dividers</name>
         <value>0x8ee0</value>
         <object_component_ref idref="oc-715"/>
      </symbol>
      <symbol id="sm-72e">
         <name>uart_flush_rx</name>
         <value>0x8f46</value>
         <object_component_ref idref="oc-812"/>
      </symbol>
      <symbol id="sm-72f">
         <name>uart_wait_tx_complete</name>
         <value>0x8c36</value>
         <object_component_ref idref="oc-769"/>
      </symbol>
      <symbol id="sm-730">
         <name>uart_init</name>
         <value>0x867a</value>
         <object_component_ref idref="oc-566"/>
      </symbol>
      <symbol id="sm-731">
         <name>uart_rx_pop</name>
         <value>0x8880</value>
         <object_component_ref idref="oc-77f"/>
      </symbol>
      <symbol id="sm-732">
         <name>eUSCI_A0_ISR</name>
         <value>0x9528</value>
         <object_component_ref idref="oc-454"/>
      </symbol>
      <symbol id="sm-7c1">
         <name>current_character</name>
         <value>0x2296</value>
      </symbol>
      <symbol id="sm-7c2">
         <name>update_display</name>
         <value>0x2298</value>
      </symbol>
      <symbol id="sm-7c3">
         <name>display_changed</name>
         <value>0x2297</value>
      </symbol>
      <symbol id="sm-7c4">
         <name>display_line</name>
         <value>0x2210</value>
      </symbol>
      <symbol id="sm-7c5">
         <name>display</name>
         <value>0x2280</value>
      </symbol>
      <symbol id="sm-7c6">
         <name>ClrDisplay_Buffer_2</name>
         <value>0x923e</value>
         <object_component_ref idref="oc-706"/>
      </symbol>
      <symbol id="sm-7c7">
         <name>ClrDisplay_Buffer_3</name>
         <value>0x9256</value>
         <object_component_ref idref="oc-70c"/>
      </symbol>
      <symbol id="sm-7c8">
         <name>ClrDisplay_Buffer_0</name>
         <value>0x920e</value>
         <object_component_ref idref="oc-6fa"/>
      </symbol>
      <symbol id="sm-7c9">
         <name>ClrDisplay_Buffer_1</name>
         <value>0x9226</value>
         <object_component_ref idref="oc-700"/>
      </symbol>
      <symbol id="sm-7ca">
         <name>spi_chipselect_idle</name>
         <value>0x92b4</value>
         <object_component_ref idref="oc-630"/>
      </symbol>
      <symbol id="sm-7cb">
         <name>WriteIns</name>
         <value>0x9086</value>
         <object_component_ref idref="oc-63c"/>
      </symbol>
      <symbol id="sm-7cc">
         <name>spi_reset_active</name>
         <value>0x93c0</value>
         <object_component_ref idref="oc-636"/>
      </symbol>
      <symbol id="sm-7cd">
         <name>WriteData</name>
         <value>0x905e</value>
         <object_component_ref idref="oc-7e9"/>
      </symbol>
      <symbol id="sm-7ce">
         <name>DisplayOnOff</name>
         <value>0x9360</value>
         <object_component_ref idref="oc-648"/>
      </symbol>
      <symbol id="sm-7cf">
         <name>spi_chipselect_active</name>
         <value>0x933e</value>
         <object_component_ref idref="oc-6ed"/>
      </symbol>
      <symbol id="sm-7d0">
         <name>lcd_out</name>
         <value>0x9188</value>
         <object_component_ref idref="oc-73c"/>
      </symbol>
      <symbol id="sm-7d1">
         <name>Display_Update</name>
         <value>0x8c7c</value>
         <object_component_ref idref="oc-678"/>
      </symbol>
      <symbol id="sm-7d2">
         <name>Init_LCD</name>
         <value>0x827c</value>
         <object_component_ref idref="oc-55a"/>
      </symbol>
      <symbol id="sm-7d3">
         <name>SPI_B1_write</name>
         <value>0x9150</value>
         <object_component_ref idref="oc-6f3"/>
      </symbol>
      <symbol id="sm-7d4">
         <name>Init_SPI_B1</name>
         <value>0x8d04</value>
         <object_component_ref idref="oc-624"/>
      </symbol>
      <symbol id="sm-7d5">
         <name>spi_reset_idle</name>
         <value>0x93c6</value>
         <object_component_ref idref="oc-62a"/>
      </symbol>
      <symbol id="sm-7d6">
         <name>ClrDisplay</name>
         <value>0x929e</value>
         <object_component_ref idref="oc-642"/>
      </symbol>
      <symbol id="sm-7f7">
         <name>__TI_decompress_lzss</name>
         <value>0x80c6</value>
         <object_component_ref idref="oc-66"/>
      </symbol>
      <symbol id="sm-808">
         <name>__TI_decompress_none</name>
         <value>0x8e3a</value>
         <object_component_ref idref="oc-6c"/>
      </symbol>
      <symbol id="sm-80b">
         <name>__TI_int23</name>
         <value>0xffd0</value>
         <object_component_ref idref="oc-73"/>
      </symbol>
      <symbol id="sm-813">
         <name>__TI_ISR_TRAP</name>
         <value>0x9578</value>
         <object_component_ref idref="oc-43d"/>
      </symbol>
      <symbol id="sm-816">
         <name>__TI_int25</name>
         <value>0xffd4</value>
         <object_component_ref idref="oc-75"/>
      </symbol>
      <symbol id="sm-819">
         <name>__TI_int26</name>
         <value>0xffd6</value>
         <object_component_ref idref="oc-76"/>
      </symbol>
      <symbol id="sm-81c">
         <name>__TI_int27</name>
         <value>0xffd8</value>
         <object_component_ref idref="oc-77"/>
      </symbol>
      <symbol id="sm-81f">
         <name>__TI_int28</name>
         <value>0xffda</value>
         <object_component_ref idref="oc-78"/>
      </symbol>
      <symbol id="sm-822">
         <name>__TI_int30</name>
         <value>0xffde</value>
         <object_component_ref idref="oc-7a"/>
      </symbol>
      <symbol id="sm-825">
         <name>__TI_int31</name>
         <value>0xffe0</value>
         <object_component_ref idref="oc-7b"/>
      </symbol>
      <symbol id="sm-828">
         <name>__TI_int34</name>
         <value>0xffe6</value>
         <object_component_ref idref="oc-7e"/>
      </symbol>
      <symbol id="sm-82b">
         <name>__TI_int35</name>
         <value>0xffe8</value>
         <object_component_ref idref="oc-7f"/>
      </symbol>
      <symbol id="sm-82e">
         <name>__TI_int36</name>
         <value>0xffea</value>
         <object_component_ref idref="oc-80"/>
      </symbol>
      <symbol id="sm-831">
         <name>__TI_int37</name>
         <value>0xffec</value>
         <object_component_ref idref="oc-81"/>
      </symbol>
      <symbol id="sm-834">
         <name>__TI_int38</name>
         <value>0xffee</value>
         <object_component_ref idref="oc-82"/>
      </symbol>
      <symbol id="sm-837">
         <name>__TI_int39</name>
         <value>0xfff0</value>
         <object_component_ref idref="oc-83"/>
      </symbol>
      <symbol id="sm-83a">
         <name>__TI_int40</name>
         <value>0xfff2</value>
         <object_component_ref idref="oc-84"/>
      </symbol>
      <symbol id="sm-83d">
         <name>__TI_int41</name>
         <value>0xfff4</value>
         <object_component_ref idref="oc-85"/>
      </symbol>
      <symbol id="sm-840">
         <name>__TI_int44</name>
         <value>0xfffa</value>
         <object_component_ref idref="oc-88"/>
      </symbol>
      <symbol id="sm-843">
         <name>__TI_int45</name>
         <value>0xfffc</value>
         <object_component_ref idref="oc-89"/>
      </symbol>
      <symbol id="sm-853">
         <name>__TI_zero_init_nomemset</name>
         <value>0x8d84</value>
         <object_component_ref idref="oc-466"/>
      </symbol>
      <symbol id="sm-85e">
         <name>__memcpy_far</name>
         <value>0x8d44</value>
         <object_component_ref idref="oc-42b"/>
      </symbol>
      <symbol id="sm-867">
         <name>__mspabi_mpyi_f5hw</name>
         <value>0x9286</value>
         <object_component_ref idref="oc-50f"/>
      </symbol>
      <symbol id="sm-87b">
         <name>_c_int00_noargs_mpu</name>
         <value>0x9508</value>
         <object_component_ref idref="oc-490"/>
      </symbol>
      <symbol id="sm-87c">
         <name>_stack</name>
         <value>0x2f60</value>
         <object_component_ref idref="oc-41c"/>
      </symbol>
      <symbol id="sm-87d">
         <name>_reset_vector</name>
         <value>0xfffe</value>
         <object_component_ref idref="oc-41f"/>
      </symbol>
      <symbol id="sm-88b">
         <name>__mpu_init</name>
         <value>0x8dc2</value>
         <object_component_ref idref="oc-4f7"/>
      </symbol>
      <symbol id="sm-8ae">
         <name>__TI_auto_init_nobinit_nopinit_hold_wdt</name>
         <value>0x86ee</value>
         <object_component_ref idref="oc-5a9"/>
      </symbol>
      <symbol id="sm-8b7">
         <name>_system_post_cinit</name>
         <value>0x93d0</value>
         <object_component_ref idref="oc-6b0"/>
      </symbol>
      <symbol id="sm-8c0">
         <name>_system_pre_init</name>
         <value>0x93cc</value>
         <object_component_ref idref="oc-4df"/>
      </symbol>
      <symbol id="sm-8cb">
         <name>C$$EXIT</name>
         <value>0x93b4</value>
         <object_component_ref idref="oc-585"/>
      </symbol>
      <symbol id="sm-8cc">
         <name>abort</name>
         <value>0x93b4</value>
         <object_component_ref idref="oc-585"/>
      </symbol>
      <symbol id="sm-8dc">
         <name>memcpy</name>
         <value>0x931a</value>
         <object_component_ref idref="oc-7b5"/>
      </symbol>
      <symbol id="sm-8ea">
         <name>memset</name>
         <value>0x92f4</value>
         <object_component_ref idref="oc-663"/>
      </symbol>
      <symbol id="sm-8f8">
         <name>strlen</name>
         <value>0x936e</value>
         <object_component_ref idref="oc-839"/>
      </symbol>
   </symbol_table>
   <title>Link successful</title>
</link_info>
